// Jest Snapshot v1, https://goo.gl/fbAQLP

exports[`Restaurants should math the snapshot 1`] = `
ShallowWrapper {
  "length": 1,
  Symbol(enzyme.__root__): [Circular],
  Symbol(enzyme.__unrendered__): <Restaurants
    restaurant={
        Object {
            "apiKey": "aa1163f8eb68a8f7144247b91fbcb2f39e65e39821ec08a9",
            "city": "Lakewood",
            "deliveryMin": 12,
            "deliveryPrice": 3.5,
            "foodTypes": "Pizza",
            "hours": Object {
              "Friday": "11:00 AM - 3:00 AM",
              "Monday": "11:00 AM - 3:00 AM",
              "Saturday": "11:00 AM - 3:00 AM",
              "Sunday": "11:00 AM - 3:00 AM",
              "Thursday": "11:00 AM - 3:00 AM",
              "Tuesday": "11:00 AM - 3:00 AM",
              "Wednesday": "11:00 AM - 3:00 AM",
            },
            "logoUrl": "https://eatstreet-static.s3.amazonaws.com/assets/images/restaurant_logos/big-daddys-pizza-lakewood-21135_1407868711096.png",
            "minFreeDelivery": 0,
            "name": "Big Daddy's Pizza - Lakewood",
            "offersDelivery": true,
            "phone": "(303) 736-6090",
            "state": "CO",
            "streetAddress": "850 Wadsworth Blvd",
            "url": "https://eatstreet.com/lakewood-co/restaurants/big-daddys-pizza-lakewood",
            "zip": "80214",
          }
    }
/>,
  Symbol(enzyme.__renderer__): Object {
    "batchedUpdates": [Function],
    "getNode": [Function],
    "render": [Function],
    "simulateEvent": [Function],
    "unmount": [Function],
  },
  Symbol(enzyme.__node__): Object {
    "instance": null,
    "key": undefined,
    "nodeType": "host",
    "props": Object {
      "children": Array [
        <h2>
          Big Daddy's Pizza - Lakewood
</h2>,
        <img
          alt="restaurant logo"
          src="https://eatstreet-static.s3.amazonaws.com/assets/images/restaurant_logos/big-daddys-pizza-lakewood-21135_1407868711096.png"
/>,
        <p>
          Minimum: 
          12
</p>,
        <p>
          Delivery: 
          3.5
</p>,
      ],
      "onClick": [Function],
    },
    "ref": null,
    "rendered": Array [
      Object {
        "instance": null,
        "key": undefined,
        "nodeType": "host",
        "props": Object {
          "children": "Big Daddy's Pizza - Lakewood",
        },
        "ref": null,
        "rendered": "Big Daddy's Pizza - Lakewood",
        "type": "h2",
      },
      Object {
        "instance": null,
        "key": undefined,
        "nodeType": "host",
        "props": Object {
          "alt": "restaurant logo",
          "src": "https://eatstreet-static.s3.amazonaws.com/assets/images/restaurant_logos/big-daddys-pizza-lakewood-21135_1407868711096.png",
        },
        "ref": null,
        "rendered": null,
        "type": "img",
      },
      Object {
        "instance": null,
        "key": undefined,
        "nodeType": "host",
        "props": Object {
          "children": Array [
            "Minimum: ",
            12,
          ],
        },
        "ref": null,
        "rendered": Array [
          "Minimum: ",
          12,
        ],
        "type": "p",
      },
      Object {
        "instance": null,
        "key": undefined,
        "nodeType": "host",
        "props": Object {
          "children": Array [
            "Delivery: ",
            3.5,
          ],
        },
        "ref": null,
        "rendered": Array [
          "Delivery: ",
          3.5,
        ],
        "type": "p",
      },
    ],
    "type": "div",
  },
  Symbol(enzyme.__nodes__): Array [
    Object {
      "instance": null,
      "key": undefined,
      "nodeType": "host",
      "props": Object {
        "children": Array [
          <h2>
            Big Daddy's Pizza - Lakewood
</h2>,
          <img
            alt="restaurant logo"
            src="https://eatstreet-static.s3.amazonaws.com/assets/images/restaurant_logos/big-daddys-pizza-lakewood-21135_1407868711096.png"
/>,
          <p>
            Minimum: 
            12
</p>,
          <p>
            Delivery: 
            3.5
</p>,
        ],
        "onClick": [Function],
      },
      "ref": null,
      "rendered": Array [
        Object {
          "instance": null,
          "key": undefined,
          "nodeType": "host",
          "props": Object {
            "children": "Big Daddy's Pizza - Lakewood",
          },
          "ref": null,
          "rendered": "Big Daddy's Pizza - Lakewood",
          "type": "h2",
        },
        Object {
          "instance": null,
          "key": undefined,
          "nodeType": "host",
          "props": Object {
            "alt": "restaurant logo",
            "src": "https://eatstreet-static.s3.amazonaws.com/assets/images/restaurant_logos/big-daddys-pizza-lakewood-21135_1407868711096.png",
          },
          "ref": null,
          "rendered": null,
          "type": "img",
        },
        Object {
          "instance": null,
          "key": undefined,
          "nodeType": "host",
          "props": Object {
            "children": Array [
              "Minimum: ",
              12,
            ],
          },
          "ref": null,
          "rendered": Array [
            "Minimum: ",
            12,
          ],
          "type": "p",
        },
        Object {
          "instance": null,
          "key": undefined,
          "nodeType": "host",
          "props": Object {
            "children": Array [
              "Delivery: ",
              3.5,
            ],
          },
          "ref": null,
          "rendered": Array [
            "Delivery: ",
            3.5,
          ],
          "type": "p",
        },
      ],
      "type": "div",
    },
  ],
  Symbol(enzyme.__options__): Object {
    "adapter": ReactSixteenAdapter {
      "options": Object {
        "enableComponentDidUpdateOnSetState": true,
      },
    },
  },
}
`;
