// Jest Snapshot v1, https://goo.gl/fbAQLP

exports[`Restaurants should math the snapshot 1`] = `
ShallowWrapper {
  "length": 1,
  Symbol(enzyme.__root__): [Circular],
  Symbol(enzyme.__unrendered__): <Restaurants
    restaurant={
        Object {
            "apiKey": "aa1163f8eb68a8f7144247b91fbcb2f39e65e39821ec08a9",
            "city": "Lakewood",
            "foodTypes": "Pizza",
            "hours": Object {
              "Friday": "11:00 AM - 3:00 AM",
              "Monday": "11:00 AM - 3:00 AM",
              "Saturday": "11:00 AM - 3:00 AM",
              "Sunday": "11:00 AM - 3:00 AM",
              "Thursday": "11:00 AM - 3:00 AM",
              "Tuesday": "11:00 AM - 3:00 AM",
              "Wednesday": "11:00 AM - 3:00 AM",
            },
            "logoUrl": "https://eatstreet-static.s3.amazonaws.com/assets/images/restaurant_logos/big-daddys-pizza-lakewood-21135_1407868711096.png",
            "name": "Big Daddy's Pizza - Lakewood",
            "phone": "(303) 736-6090",
            "state": "CO",
            "streetAddress": "850 Wadsworth Blvd",
            "url": "https://eatstreet.com/lakewood-co/restaurants/big-daddys-pizza-lakewood",
            "zip": "80214",
          }
    }
/>,
  Symbol(enzyme.__renderer__): Object {
    "batchedUpdates": [Function],
    "getNode": [Function],
    "render": [Function],
    "simulateEvent": [Function],
    "unmount": [Function],
  },
  Symbol(enzyme.__node__): Object {
    "instance": null,
    "key": undefined,
    "nodeType": "host",
    "props": Object {
      "children": Array [
        <h2>
          Big Daddy's Pizza - Lakewood
</h2>,
        <img
          alt="restaurant logo"
          src="https://eatstreet-static.s3.amazonaws.com/assets/images/restaurant_logos/big-daddys-pizza-lakewood-21135_1407868711096.png"
/>,
        <p>
          850 Wadsworth Blvd
</p>,
        <p>
          Lakewood CO 80214
</p>,
        <p>
          (303) 736-6090
</p>,
        <p>
          Food types: Pizza
</p>,
        Array [
          <p>
            Monday
            : 
            11:00 AM - 3:00 AM
</p>,
          <p>
            Saturday
            : 
            11:00 AM - 3:00 AM
</p>,
          <p>
            Sunday
            : 
            11:00 AM - 3:00 AM
</p>,
          <p>
            Wednesday
            : 
            11:00 AM - 3:00 AM
</p>,
          <p>
            Tuesday
            : 
            11:00 AM - 3:00 AM
</p>,
          <p>
            Friday
            : 
            11:00 AM - 3:00 AM
</p>,
          <p>
            Thursday
            : 
            11:00 AM - 3:00 AM
</p>,
        ],
      ],
      "onClick": [Function],
    },
    "ref": null,
    "rendered": Array [
      Object {
        "instance": null,
        "key": undefined,
        "nodeType": "host",
        "props": Object {
          "children": "Big Daddy's Pizza - Lakewood",
        },
        "ref": null,
        "rendered": "Big Daddy's Pizza - Lakewood",
        "type": "h2",
      },
      Object {
        "instance": null,
        "key": undefined,
        "nodeType": "host",
        "props": Object {
          "alt": "restaurant logo",
          "src": "https://eatstreet-static.s3.amazonaws.com/assets/images/restaurant_logos/big-daddys-pizza-lakewood-21135_1407868711096.png",
        },
        "ref": null,
        "rendered": null,
        "type": "img",
      },
      Object {
        "instance": null,
        "key": undefined,
        "nodeType": "host",
        "props": Object {
          "children": "850 Wadsworth Blvd",
        },
        "ref": null,
        "rendered": "850 Wadsworth Blvd",
        "type": "p",
      },
      Object {
        "instance": null,
        "key": undefined,
        "nodeType": "host",
        "props": Object {
          "children": "Lakewood CO 80214",
        },
        "ref": null,
        "rendered": "Lakewood CO 80214",
        "type": "p",
      },
      Object {
        "instance": null,
        "key": undefined,
        "nodeType": "host",
        "props": Object {
          "children": "(303) 736-6090",
        },
        "ref": null,
        "rendered": "(303) 736-6090",
        "type": "p",
      },
      Object {
        "instance": null,
        "key": undefined,
        "nodeType": "host",
        "props": Object {
          "children": "Food types: Pizza",
        },
        "ref": null,
        "rendered": "Food types: Pizza",
        "type": "p",
      },
      Object {
        "instance": null,
        "key": "0",
        "nodeType": "host",
        "props": Object {
          "children": Array [
            "Monday",
            ": ",
            "11:00 AM - 3:00 AM",
          ],
        },
        "ref": null,
        "rendered": Array [
          "Monday",
          ": ",
          "11:00 AM - 3:00 AM",
        ],
        "type": "p",
      },
      Object {
        "instance": null,
        "key": "1",
        "nodeType": "host",
        "props": Object {
          "children": Array [
            "Saturday",
            ": ",
            "11:00 AM - 3:00 AM",
          ],
        },
        "ref": null,
        "rendered": Array [
          "Saturday",
          ": ",
          "11:00 AM - 3:00 AM",
        ],
        "type": "p",
      },
      Object {
        "instance": null,
        "key": "2",
        "nodeType": "host",
        "props": Object {
          "children": Array [
            "Sunday",
            ": ",
            "11:00 AM - 3:00 AM",
          ],
        },
        "ref": null,
        "rendered": Array [
          "Sunday",
          ": ",
          "11:00 AM - 3:00 AM",
        ],
        "type": "p",
      },
      Object {
        "instance": null,
        "key": "3",
        "nodeType": "host",
        "props": Object {
          "children": Array [
            "Wednesday",
            ": ",
            "11:00 AM - 3:00 AM",
          ],
        },
        "ref": null,
        "rendered": Array [
          "Wednesday",
          ": ",
          "11:00 AM - 3:00 AM",
        ],
        "type": "p",
      },
      Object {
        "instance": null,
        "key": "4",
        "nodeType": "host",
        "props": Object {
          "children": Array [
            "Tuesday",
            ": ",
            "11:00 AM - 3:00 AM",
          ],
        },
        "ref": null,
        "rendered": Array [
          "Tuesday",
          ": ",
          "11:00 AM - 3:00 AM",
        ],
        "type": "p",
      },
      Object {
        "instance": null,
        "key": "5",
        "nodeType": "host",
        "props": Object {
          "children": Array [
            "Friday",
            ": ",
            "11:00 AM - 3:00 AM",
          ],
        },
        "ref": null,
        "rendered": Array [
          "Friday",
          ": ",
          "11:00 AM - 3:00 AM",
        ],
        "type": "p",
      },
      Object {
        "instance": null,
        "key": "6",
        "nodeType": "host",
        "props": Object {
          "children": Array [
            "Thursday",
            ": ",
            "11:00 AM - 3:00 AM",
          ],
        },
        "ref": null,
        "rendered": Array [
          "Thursday",
          ": ",
          "11:00 AM - 3:00 AM",
        ],
        "type": "p",
      },
    ],
    "type": "div",
  },
  Symbol(enzyme.__nodes__): Array [
    Object {
      "instance": null,
      "key": undefined,
      "nodeType": "host",
      "props": Object {
        "children": Array [
          <h2>
            Big Daddy's Pizza - Lakewood
</h2>,
          <img
            alt="restaurant logo"
            src="https://eatstreet-static.s3.amazonaws.com/assets/images/restaurant_logos/big-daddys-pizza-lakewood-21135_1407868711096.png"
/>,
          <p>
            850 Wadsworth Blvd
</p>,
          <p>
            Lakewood CO 80214
</p>,
          <p>
            (303) 736-6090
</p>,
          <p>
            Food types: Pizza
</p>,
          Array [
            <p>
              Monday
              : 
              11:00 AM - 3:00 AM
</p>,
            <p>
              Saturday
              : 
              11:00 AM - 3:00 AM
</p>,
            <p>
              Sunday
              : 
              11:00 AM - 3:00 AM
</p>,
            <p>
              Wednesday
              : 
              11:00 AM - 3:00 AM
</p>,
            <p>
              Tuesday
              : 
              11:00 AM - 3:00 AM
</p>,
            <p>
              Friday
              : 
              11:00 AM - 3:00 AM
</p>,
            <p>
              Thursday
              : 
              11:00 AM - 3:00 AM
</p>,
          ],
        ],
        "onClick": [Function],
      },
      "ref": null,
      "rendered": Array [
        Object {
          "instance": null,
          "key": undefined,
          "nodeType": "host",
          "props": Object {
            "children": "Big Daddy's Pizza - Lakewood",
          },
          "ref": null,
          "rendered": "Big Daddy's Pizza - Lakewood",
          "type": "h2",
        },
        Object {
          "instance": null,
          "key": undefined,
          "nodeType": "host",
          "props": Object {
            "alt": "restaurant logo",
            "src": "https://eatstreet-static.s3.amazonaws.com/assets/images/restaurant_logos/big-daddys-pizza-lakewood-21135_1407868711096.png",
          },
          "ref": null,
          "rendered": null,
          "type": "img",
        },
        Object {
          "instance": null,
          "key": undefined,
          "nodeType": "host",
          "props": Object {
            "children": "850 Wadsworth Blvd",
          },
          "ref": null,
          "rendered": "850 Wadsworth Blvd",
          "type": "p",
        },
        Object {
          "instance": null,
          "key": undefined,
          "nodeType": "host",
          "props": Object {
            "children": "Lakewood CO 80214",
          },
          "ref": null,
          "rendered": "Lakewood CO 80214",
          "type": "p",
        },
        Object {
          "instance": null,
          "key": undefined,
          "nodeType": "host",
          "props": Object {
            "children": "(303) 736-6090",
          },
          "ref": null,
          "rendered": "(303) 736-6090",
          "type": "p",
        },
        Object {
          "instance": null,
          "key": undefined,
          "nodeType": "host",
          "props": Object {
            "children": "Food types: Pizza",
          },
          "ref": null,
          "rendered": "Food types: Pizza",
          "type": "p",
        },
        Object {
          "instance": null,
          "key": "0",
          "nodeType": "host",
          "props": Object {
            "children": Array [
              "Monday",
              ": ",
              "11:00 AM - 3:00 AM",
            ],
          },
          "ref": null,
          "rendered": Array [
            "Monday",
            ": ",
            "11:00 AM - 3:00 AM",
          ],
          "type": "p",
        },
        Object {
          "instance": null,
          "key": "1",
          "nodeType": "host",
          "props": Object {
            "children": Array [
              "Saturday",
              ": ",
              "11:00 AM - 3:00 AM",
            ],
          },
          "ref": null,
          "rendered": Array [
            "Saturday",
            ": ",
            "11:00 AM - 3:00 AM",
          ],
          "type": "p",
        },
        Object {
          "instance": null,
          "key": "2",
          "nodeType": "host",
          "props": Object {
            "children": Array [
              "Sunday",
              ": ",
              "11:00 AM - 3:00 AM",
            ],
          },
          "ref": null,
          "rendered": Array [
            "Sunday",
            ": ",
            "11:00 AM - 3:00 AM",
          ],
          "type": "p",
        },
        Object {
          "instance": null,
          "key": "3",
          "nodeType": "host",
          "props": Object {
            "children": Array [
              "Wednesday",
              ": ",
              "11:00 AM - 3:00 AM",
            ],
          },
          "ref": null,
          "rendered": Array [
            "Wednesday",
            ": ",
            "11:00 AM - 3:00 AM",
          ],
          "type": "p",
        },
        Object {
          "instance": null,
          "key": "4",
          "nodeType": "host",
          "props": Object {
            "children": Array [
              "Tuesday",
              ": ",
              "11:00 AM - 3:00 AM",
            ],
          },
          "ref": null,
          "rendered": Array [
            "Tuesday",
            ": ",
            "11:00 AM - 3:00 AM",
          ],
          "type": "p",
        },
        Object {
          "instance": null,
          "key": "5",
          "nodeType": "host",
          "props": Object {
            "children": Array [
              "Friday",
              ": ",
              "11:00 AM - 3:00 AM",
            ],
          },
          "ref": null,
          "rendered": Array [
            "Friday",
            ": ",
            "11:00 AM - 3:00 AM",
          ],
          "type": "p",
        },
        Object {
          "instance": null,
          "key": "6",
          "nodeType": "host",
          "props": Object {
            "children": Array [
              "Thursday",
              ": ",
              "11:00 AM - 3:00 AM",
            ],
          },
          "ref": null,
          "rendered": Array [
            "Thursday",
            ": ",
            "11:00 AM - 3:00 AM",
          ],
          "type": "p",
        },
      ],
      "type": "div",
    },
  ],
  Symbol(enzyme.__options__): Object {
    "adapter": ReactSixteenAdapter {
      "options": Object {
        "enableComponentDidUpdateOnSetState": true,
      },
    },
  },
}
`;
